Subject: Subject

People:

Name: name0
Age: 25

Name: name1
Age: 33

Name: name2
Age: 42
