Name: Hugo
Id: 0
Phone: 1234
Phone: 2345

Name: Freddy
Id: 1
Phone: 3456
Phone: 4567
