List example:
1
2
3
4

With escaped comma:
1,2
3,4

With joiner:
(1,2);(3,4)
