Start: 12
End:   42
Step:  10
Join:  '+'
List:  12+22+32+42
Nested:12,22,32,42|22,32,42|32,42|42
List:  12+22+32+42
Nested:12,22,32,42|22,32,42|32,42|42
